Archive member included because of file (symbol)

c:/stm32f-krssg/gcc-arm-none-eabi/bin/../lib/gcc/arm-none-eabi/4.8.3/armv7e-m\libgcc.a(_arm_addsubsf3.o)
                              ..\obj\inv_mpu.o (__aeabi_fsub)
c:/stm32f-krssg/gcc-arm-none-eabi/bin/../lib/gcc/arm-none-eabi/4.8.3/armv7e-m\libgcc.a(_arm_muldivsf3.o)
                              ..\obj\inv_mpu.o (__aeabi_fmul)
c:/stm32f-krssg/gcc-arm-none-eabi/bin/../lib/gcc/arm-none-eabi/4.8.3/armv7e-m\libgcc.a(_arm_cmpsf2.o)
                              ..\obj\inv_mpu.o (__aeabi_fcmpeq)
c:/stm32f-krssg/gcc-arm-none-eabi/bin/../lib/gcc/arm-none-eabi/4.8.3/armv7e-m\libgcc.a(_arm_fixsfsi.o)
                              ..\obj\inv_mpu.o (__aeabi_f2iz)
c:/stm32f-krssg/gcc-arm-none-eabi/bin/../lib/gcc/arm-none-eabi/4.8.3/armv7e-m\libgcc.a(_arm_fixunssfsi.o)
                              ..\obj\inv_mpu_dmp_motion_driver.o (__aeabi_f2uiz)
c:/stm32f-krssg/gcc-arm-none-eabi/bin/../lib/gcc/arm-none-eabi/4.8.3/armv7e-m\libgcc.a(_aeabi_ldivmod.o)
                              ..\obj\inv_mpu.o (__aeabi_ldivmod)
c:/stm32f-krssg/gcc-arm-none-eabi/bin/../lib/gcc/arm-none-eabi/4.8.3/armv7e-m\libgcc.a(bpabi.o)
                              c:/stm32f-krssg/gcc-arm-none-eabi/bin/../lib/gcc/arm-none-eabi/4.8.3/armv7e-m\libgcc.a(_aeabi_ldivmod.o) (__gnu_ldivmod_helper)
c:/stm32f-krssg/gcc-arm-none-eabi/bin/../lib/gcc/arm-none-eabi/4.8.3/armv7e-m\libgcc.a(_dvmd_tls.o)
                              c:/stm32f-krssg/gcc-arm-none-eabi/bin/../lib/gcc/arm-none-eabi/4.8.3/armv7e-m\libgcc.a(_aeabi_ldivmod.o) (__aeabi_ldiv0)
c:/stm32f-krssg/gcc-arm-none-eabi/bin/../lib/gcc/arm-none-eabi/4.8.3/armv7e-m\libgcc.a(_divdi3.o)
                              c:/stm32f-krssg/gcc-arm-none-eabi/bin/../lib/gcc/arm-none-eabi/4.8.3/armv7e-m\libgcc.a(bpabi.o) (__divdi3)
c:/stm32f-krssg/gcc-arm-none-eabi/bin/../lib/gcc/arm-none-eabi/4.8.3/armv7e-m\libgcc.a(_udivdi3.o)
                              c:/stm32f-krssg/gcc-arm-none-eabi/bin/../lib/gcc/arm-none-eabi/4.8.3/armv7e-m\libgcc.a(bpabi.o) (__udivdi3)
c:/stm32f-krssg/gcc-arm-none-eabi/bin/../lib/gcc/arm-none-eabi/4.8.3/../../../../arm-none-eabi/lib/armv7e-m\libg.a(lib_a-memcmp.o)
                              ..\obj\inv_mpu.o (memcmp)
c:/stm32f-krssg/gcc-arm-none-eabi/bin/../lib/gcc/arm-none-eabi/4.8.3/../../../../arm-none-eabi/lib/armv7e-m\libg.a(lib_a-memset.o)
                              ..\obj\inv_mpu.o (memset)

Allocating common symbols
Common symbol       size              file

callback            0x4               ..\obj\inv_mpu.o

Discarded input sections

 .text          0x00000000        0x0 ..\obj\semihosting.o
 .data          0x00000000        0x0 ..\obj\semihosting.o
 .text.SH_SendString
                0x00000000       0x24 ..\obj\semihosting.o
 .text.SH_GetChar
                0x00000000       0x40 ..\obj\semihosting.o
 .text          0x00000000        0x0 ..\obj\stm32f4xx_syscfg.o
 .data          0x00000000        0x0 ..\obj\stm32f4xx_syscfg.o
 .bss           0x00000000        0x0 ..\obj\stm32f4xx_syscfg.o
 .text.SYSCFG_DeInit
                0x00000000       0x1c ..\obj\stm32f4xx_syscfg.o
 .text.SYSCFG_MemoryRemapConfig
                0x00000000       0x20 ..\obj\stm32f4xx_syscfg.o
 .text.SYSCFG_ETH_MediaInterfaceConfig
                0x00000000       0x1c ..\obj\stm32f4xx_syscfg.o
 .text.SYSCFG_CompensationCellCmd
                0x00000000       0x20 ..\obj\stm32f4xx_syscfg.o
 .text.SYSCFG_GetCompensationCellStatus
                0x00000000       0x34 ..\obj\stm32f4xx_syscfg.o
 .text          0x00000000        0x0 ..\obj\dmp_clock.o
 .data          0x00000000        0x0 ..\obj\dmp_clock.o
 .text.clock_disable
                0x00000000       0x14 ..\obj\dmp_clock.o
 .text.register_timer_cb
                0x00000000       0x58 ..\obj\dmp_clock.o
 .text          0x00000000        0x0 ..\obj\inv_mpu.o
 .bss           0x00000000        0x0 ..\obj\inv_mpu.o
 .text.mpu_reg_dump
                0x00000000       0x68 ..\obj\inv_mpu.o
 .text.mpu_read_reg
                0x00000000       0x60 ..\obj\inv_mpu.o
 .text.mpu_get_gyro_reg
                0x00000000       0x90 ..\obj\inv_mpu.o
 .text.mpu_get_accel_reg
                0x00000000       0x90 ..\obj\inv_mpu.o
 .text.mpu_get_temperature
                0x00000000       0xcc ..\obj\inv_mpu.o
 .text.mpu_read_6500_accel_bias
                0x00000000       0xa4 ..\obj\inv_mpu.o
 .text.mpu_read_6050_accel_bias
                0x00000000       0xa4 ..\obj\inv_mpu.o
 .text.mpu_read_6500_gyro_bias
                0x00000000       0xa4 ..\obj\inv_mpu.o
 .text.mpu_set_gyro_bias_reg
                0x00000000      0x11c ..\obj\inv_mpu.o
 .text.mpu_set_accel_bias_6050_reg
                0x00000000      0x10c ..\obj\inv_mpu.o
 .text.mpu_set_accel_bias_6500_reg
                0x00000000      0x10c ..\obj\inv_mpu.o
 .text.mpu_get_lpf
                0x00000000       0x7c ..\obj\inv_mpu.o
 .text.mpu_get_compass_sample_rate
                0x00000000       0x20 ..\obj\inv_mpu.o
 .text.mpu_set_compass_sample_rate
                0x00000000       0x1c ..\obj\inv_mpu.o
 .text.mpu_get_gyro_sens
                0x00000000       0x70 ..\obj\inv_mpu.o
 .text.mpu_get_accel_sens
                0x00000000       0x7c ..\obj\inv_mpu.o
 .text.mpu_get_fifo_config
                0x00000000       0x24 ..\obj\inv_mpu.o
 .text.mpu_get_power_state
                0x00000000       0x30 ..\obj\inv_mpu.o
 .text.mpu_get_int_status
                0x00000000       0x5c ..\obj\inv_mpu.o
 .text.mpu_set_int_level
                0x00000000       0x24 ..\obj\inv_mpu.o
 .text.get_accel_prod_shift
                0x00000000      0x118 ..\obj\inv_mpu.o
 .text.accel_self_test
                0x00000000      0x10c ..\obj\inv_mpu.o
 .text.gyro_self_test
                0x00000000      0x178 ..\obj\inv_mpu.o
 .text.get_st_biases
                0x00000000      0x68c ..\obj\inv_mpu.o
 .text.mpu_run_self_test
                0x00000000      0x1ac ..\obj\inv_mpu.o
 .text.mpu_get_dmp_state
                0x00000000       0x24 ..\obj\inv_mpu.o
 .text.mpu_get_compass_reg
                0x00000000       0x1c ..\obj\inv_mpu.o
 .text.mpu_get_compass_fsr
                0x00000000       0x18 ..\obj\inv_mpu.o
 .text.mpu_lp_motion_interrupt
                0x00000000      0x140 ..\obj\inv_mpu.o
 .text          0x00000000        0x0 ..\obj\stm32f4xx_pwr.o
 .data          0x00000000        0x0 ..\obj\stm32f4xx_pwr.o
 .bss           0x00000000        0x0 ..\obj\stm32f4xx_pwr.o
 .text.PWR_DeInit
                0x00000000       0x1c ..\obj\stm32f4xx_pwr.o
 .text.PWR_BackupAccessCmd
                0x00000000       0x20 ..\obj\stm32f4xx_pwr.o
 .text.PWR_PVDLevelConfig
                0x00000000       0x38 ..\obj\stm32f4xx_pwr.o
 .text.PWR_PVDCmd
                0x00000000       0x20 ..\obj\stm32f4xx_pwr.o
 .text.PWR_WakeUpPinCmd
                0x00000000       0x20 ..\obj\stm32f4xx_pwr.o
 .text.PWR_BackupRegulatorCmd
                0x00000000       0x20 ..\obj\stm32f4xx_pwr.o
 .text.PWR_MainRegulatorModeConfig
                0x00000000       0x38 ..\obj\stm32f4xx_pwr.o
 .text.PWR_FlashPowerDownCmd
                0x00000000       0x20 ..\obj\stm32f4xx_pwr.o
 .text.PWR_EnterSTOPMode
                0x00000000       0x64 ..\obj\stm32f4xx_pwr.o
 .text.PWR_EnterSTANDBYMode
                0x00000000       0x3c ..\obj\stm32f4xx_pwr.o
 .text.PWR_GetFlagStatus
                0x00000000       0x34 ..\obj\stm32f4xx_pwr.o
 .text.PWR_ClearFlag
                0x00000000       0x24 ..\obj\stm32f4xx_pwr.o
 .debug_info    0x00000000      0x4d0 ..\obj\stm32f4xx_pwr.o
 .debug_abbrev  0x00000000      0x17f ..\obj\stm32f4xx_pwr.o
 .debug_aranges
                0x00000000       0x78 ..\obj\stm32f4xx_pwr.o
 .debug_ranges  0x00000000       0x68 ..\obj\stm32f4xx_pwr.o
 .debug_line    0x00000000      0x22d ..\obj\stm32f4xx_pwr.o
 .debug_str     0x00000000      0x360 ..\obj\stm32f4xx_pwr.o
 .comment       0x00000000       0x71 ..\obj\stm32f4xx_pwr.o
 .ARM.attributes
                0x00000000       0x33 ..\obj\stm32f4xx_pwr.o
 .debug_frame   0x00000000      0x15c ..\obj\stm32f4xx_pwr.o
 .text          0x00000000        0x0 ..\obj\startup_stm32f4xx.o
 .data          0x00000000        0x0 ..\obj\startup_stm32f4xx.o
 .bss           0x00000000        0x0 ..\obj\startup_stm32f4xx.o
 .text          0x00000000        0x0 ..\obj\main.o
 .text.setup_gyro
                0x00000000       0x54 ..\obj\main.o
 .text          0x00000000        0x0 ..\obj\stm32f4xx_rcc.o
 .bss           0x00000000        0x0 ..\obj\stm32f4xx_rcc.o
 .text.RCC_DeInit
                0x00000000       0x50 ..\obj\stm32f4xx_rcc.o
 .text.RCC_HSEConfig
                0x00000000       0x24 ..\obj\stm32f4xx_rcc.o
 .text.RCC_WaitForHSEStartUp
                0x00000000       0x50 ..\obj\stm32f4xx_rcc.o
 .text.RCC_AdjustHSICalibrationValue
                0x00000000       0x3c ..\obj\stm32f4xx_rcc.o
 .text.RCC_HSICmd
                0x00000000       0x20 ..\obj\stm32f4xx_rcc.o
 .text.RCC_LSEConfig
                0x00000000       0x40 ..\obj\stm32f4xx_rcc.o
 .text.RCC_LSICmd
                0x00000000       0x20 ..\obj\stm32f4xx_rcc.o
 .text.RCC_PLLConfig
                0x00000000       0x3c ..\obj\stm32f4xx_rcc.o
 .text.RCC_PLLCmd
                0x00000000       0x20 ..\obj\stm32f4xx_rcc.o
 .text.RCC_PLLI2SConfig
                0x00000000       0x28 ..\obj\stm32f4xx_rcc.o
 .text.RCC_PLLI2SCmd
                0x00000000       0x20 ..\obj\stm32f4xx_rcc.o
 .text.RCC_ClockSecuritySystemCmd
                0x00000000       0x20 ..\obj\stm32f4xx_rcc.o
 .text.RCC_MCO1Config
                0x00000000       0x3c ..\obj\stm32f4xx_rcc.o
 .text.RCC_MCO2Config
                0x00000000       0x3c ..\obj\stm32f4xx_rcc.o
 .text.RCC_SYSCLKConfig
                0x00000000       0x38 ..\obj\stm32f4xx_rcc.o
 .text.RCC_GetSYSCLKSource
                0x00000000       0x20 ..\obj\stm32f4xx_rcc.o
 .text.RCC_HCLKConfig
                0x00000000       0x38 ..\obj\stm32f4xx_rcc.o
 .text.RCC_PCLK1Config
                0x00000000       0x38 ..\obj\stm32f4xx_rcc.o
 .text.RCC_PCLK2Config
                0x00000000       0x38 ..\obj\stm32f4xx_rcc.o
 .text.RCC_RTCCLKConfig
                0x00000000       0x5c ..\obj\stm32f4xx_rcc.o
 .text.RCC_RTCCLKCmd
                0x00000000       0x20 ..\obj\stm32f4xx_rcc.o
 .text.RCC_BackupResetCmd
                0x00000000       0x20 ..\obj\stm32f4xx_rcc.o
 .text.RCC_I2SCLKConfig
                0x00000000       0x1c ..\obj\stm32f4xx_rcc.o
 .text.RCC_AHB2PeriphClockCmd
                0x00000000       0x3c ..\obj\stm32f4xx_rcc.o
 .text.RCC_AHB3PeriphClockCmd
                0x00000000       0x3c ..\obj\stm32f4xx_rcc.o
 .text.RCC_AHB1PeriphResetCmd
                0x00000000       0x3c ..\obj\stm32f4xx_rcc.o
 .text.RCC_AHB2PeriphResetCmd
                0x00000000       0x3c ..\obj\stm32f4xx_rcc.o
 .text.RCC_AHB3PeriphResetCmd
                0x00000000       0x3c ..\obj\stm32f4xx_rcc.o
 .text.RCC_APB1PeriphResetCmd
                0x00000000       0x3c ..\obj\stm32f4xx_rcc.o
 .text.RCC_APB2PeriphResetCmd
                0x00000000       0x3c ..\obj\stm32f4xx_rcc.o
 .text.RCC_AHB1PeriphClockLPModeCmd
                0x00000000       0x3c ..\obj\stm32f4xx_rcc.o
 .text.RCC_AHB2PeriphClockLPModeCmd
                0x00000000       0x3c ..\obj\stm32f4xx_rcc.o
 .text.RCC_AHB3PeriphClockLPModeCmd
                0x00000000       0x3c ..\obj\stm32f4xx_rcc.o
 .text.RCC_APB1PeriphClockLPModeCmd
                0x00000000       0x3c ..\obj\stm32f4xx_rcc.o
 .text.RCC_APB2PeriphClockLPModeCmd
                0x00000000       0x3c ..\obj\stm32f4xx_rcc.o
 .text.RCC_ITConfig
                0x00000000       0x48 ..\obj\stm32f4xx_rcc.o
 .text.RCC_GetFlagStatus
                0x00000000       0x74 ..\obj\stm32f4xx_rcc.o
 .text.RCC_ClearFlag
                0x00000000       0x1c ..\obj\stm32f4xx_rcc.o
 .text.RCC_GetITStatus
                0x00000000       0x38 ..\obj\stm32f4xx_rcc.o
 .text.RCC_ClearITPendingBit
                0x00000000       0x20 ..\obj\stm32f4xx_rcc.o
 .text          0x00000000        0x0 ..\obj\printf.o
 .bss           0x00000000        0x0 ..\obj\printf.o
 .text.snprintf
                0x00000000       0x30 ..\obj\printf.o
 .text.fprintf  0x00000000       0x2c ..\obj\printf.o
 .text.sprintf  0x00000000       0x2c ..\obj\printf.o
 .text.puts     0x00000000       0x24 ..\obj\printf.o
 .text          0x00000000        0x0 ..\obj\inv_mpu_dmp_motion_driver.o
 .data          0x00000000        0x0 ..\obj\inv_mpu_dmp_motion_driver.o
 .text.dmp_set_gyro_bias
                0x00000000      0x1c0 ..\obj\inv_mpu_dmp_motion_driver.o
 .text.dmp_set_accel_bias
                0x00000000      0x1bc ..\obj\inv_mpu_dmp_motion_driver.o
 .text.dmp_get_fifo_rate
                0x00000000       0x24 ..\obj\inv_mpu_dmp_motion_driver.o
 .text.dmp_get_pedometer_step_count
                0x00000000       0x54 ..\obj\inv_mpu_dmp_motion_driver.o
 .text.dmp_set_pedometer_step_count
                0x00000000       0x40 ..\obj\inv_mpu_dmp_motion_driver.o
 .text.dmp_get_pedometer_walk_time
                0x00000000       0x5c ..\obj\inv_mpu_dmp_motion_driver.o
 .text.dmp_set_pedometer_walk_time
                0x00000000       0x50 ..\obj\inv_mpu_dmp_motion_driver.o
 .text.dmp_get_enabled_features
                0x00000000       0x24 ..\obj\inv_mpu_dmp_motion_driver.o
 .text.dmp_set_interrupt_mode
                0x00000000       0x78 ..\obj\inv_mpu_dmp_motion_driver.o
 .text.dmp_register_tap_cb
                0x00000000       0x20 ..\obj\inv_mpu_dmp_motion_driver.o
 .text.dmp_register_android_orient_cb
                0x00000000       0x20 ..\obj\inv_mpu_dmp_motion_driver.o
 .text          0x00000000        0x0 ..\obj\stm32f4xx_gpio.o
 .data          0x00000000        0x0 ..\obj\stm32f4xx_gpio.o
 .bss           0x00000000        0x0 ..\obj\stm32f4xx_gpio.o
 .text.GPIO_DeInit
                0x00000000      0x120 ..\obj\stm32f4xx_gpio.o
 .text.GPIO_StructInit
                0x00000000       0x34 ..\obj\stm32f4xx_gpio.o
 .text.GPIO_PinLockConfig
                0x00000000       0x44 ..\obj\stm32f4xx_gpio.o
 .text.GPIO_ReadInputDataBit
                0x00000000       0x34 ..\obj\stm32f4xx_gpio.o
 .text.GPIO_ReadInputData
                0x00000000       0x1c ..\obj\stm32f4xx_gpio.o
 .text.GPIO_ReadOutputDataBit
                0x00000000       0x34 ..\obj\stm32f4xx_gpio.o
 .text.GPIO_ReadOutputData
                0x00000000       0x1c ..\obj\stm32f4xx_gpio.o
 .text.GPIO_SetBits
                0x00000000       0x1c ..\obj\stm32f4xx_gpio.o
 .text.GPIO_ResetBits
                0x00000000       0x1c ..\obj\stm32f4xx_gpio.o
 .text.GPIO_WriteBit
                0x00000000       0x30 ..\obj\stm32f4xx_gpio.o
 .text.GPIO_Write
                0x00000000       0x1c ..\obj\stm32f4xx_gpio.o
 .text.GPIO_ToggleBits
                0x00000000       0x24 ..\obj\stm32f4xx_gpio.o
 .data          0x00000000        0x0 ..\obj\sh_cmd.o
 .bss           0x00000000        0x0 ..\obj\sh_cmd.o
 .text          0x00000000        0x0 ..\obj\system_stm32f4xx.o
 .data          0x00000000       0x14 ..\obj\system_stm32f4xx.o
 .bss           0x00000000        0x0 ..\obj\system_stm32f4xx.o
 .text.SystemInit
                0x00000000       0x58 ..\obj\system_stm32f4xx.o
 .text.SystemCoreClockUpdate
                0x00000000       0xf8 ..\obj\system_stm32f4xx.o
 .text.SetSysClock
                0x00000000       0xf4 ..\obj\system_stm32f4xx.o
 .debug_info    0x00000000      0x566 ..\obj\system_stm32f4xx.o
 .debug_abbrev  0x00000000      0x136 ..\obj\system_stm32f4xx.o
 .debug_aranges
                0x00000000       0x30 ..\obj\system_stm32f4xx.o
 .debug_ranges  0x00000000       0x20 ..\obj\system_stm32f4xx.o
 .debug_line    0x00000000      0x166 ..\obj\system_stm32f4xx.o
 .debug_str     0x00000000      0x379 ..\obj\system_stm32f4xx.o
 .comment       0x00000000       0x71 ..\obj\system_stm32f4xx.o
 .ARM.attributes
                0x00000000       0x33 ..\obj\system_stm32f4xx.o
 .debug_frame   0x00000000       0x64 ..\obj\system_stm32f4xx.o
 .text          0x00000000        0x0 ..\obj\syscalls.o
 .data          0x00000000        0x0 ..\obj\syscalls.o
 .bss           0x00000000        0x4 ..\obj\syscalls.o
 .text._sbrk    0x00000000       0x40 ..\obj\syscalls.o
 .text.link     0x00000000       0x1c ..\obj\syscalls.o
 .text._close   0x00000000       0x18 ..\obj\syscalls.o
 .text._fstat   0x00000000       0x20 ..\obj\syscalls.o
 .text._isatty  0x00000000       0x18 ..\obj\syscalls.o
 .text._lseek   0x00000000       0x1c ..\obj\syscalls.o
 .text._read    0x00000000       0x1c ..\obj\syscalls.o
 .text._write   0x00000000       0x1c ..\obj\syscalls.o
 .text.abort    0x00000000        0x8 ..\obj\syscalls.o
 .debug_info    0x00000000      0x3ee ..\obj\syscalls.o
 .debug_abbrev  0x00000000       0xe2 ..\obj\syscalls.o
 .debug_aranges
                0x00000000       0x60 ..\obj\syscalls.o
 .debug_ranges  0x00000000       0x50 ..\obj\syscalls.o
 .debug_line    0x00000000      0x155 ..\obj\syscalls.o
 .debug_str     0x00000000      0x2c3 ..\obj\syscalls.o
 .comment       0x00000000       0x71 ..\obj\syscalls.o
 .ARM.attributes
                0x00000000       0x33 ..\obj\syscalls.o
 .debug_frame   0x00000000      0x108 ..\obj\syscalls.o
 .text          0x00000000        0x0 ..\obj\dmp_I2C.o
 .data          0x00000000        0x0 ..\obj\dmp_I2C.o
 .text.i2c_disable
                0x00000000       0x1c ..\obj\dmp_I2C.o
 .text          0x00000000        0x0 ..\obj\stm32f4xx_i2c.o
 .data          0x00000000        0x0 ..\obj\stm32f4xx_i2c.o
 .bss           0x00000000        0x0 ..\obj\stm32f4xx_i2c.o
 .text.I2C_DeInit
                0x00000000       0x74 ..\obj\stm32f4xx_i2c.o
 .text.I2C_StructInit
                0x00000000       0x3c ..\obj\stm32f4xx_i2c.o
 .text.I2C_GenerateSTART
                0x00000000       0x40 ..\obj\stm32f4xx_i2c.o
 .text.I2C_GenerateSTOP
                0x00000000       0x40 ..\obj\stm32f4xx_i2c.o
 .text.I2C_Send7bitAddress
                0x00000000       0x3c ..\obj\stm32f4xx_i2c.o
 .text.I2C_AcknowledgeConfig
                0x00000000       0x40 ..\obj\stm32f4xx_i2c.o
 .text.I2C_OwnAddress2Config
                0x00000000       0x40 ..\obj\stm32f4xx_i2c.o
 .text.I2C_DualAddressCmd
                0x00000000       0x40 ..\obj\stm32f4xx_i2c.o
 .text.I2C_GeneralCallCmd
                0x00000000       0x40 ..\obj\stm32f4xx_i2c.o
 .text.I2C_SoftwareResetCmd
                0x00000000       0x44 ..\obj\stm32f4xx_i2c.o
 .text.I2C_StretchClockCmd
                0x00000000       0x40 ..\obj\stm32f4xx_i2c.o
 .text.I2C_FastModeDutyCycleConfig
                0x00000000       0x40 ..\obj\stm32f4xx_i2c.o
 .text.I2C_NACKPositionConfig
                0x00000000       0x40 ..\obj\stm32f4xx_i2c.o
 .text.I2C_SMBusAlertConfig
                0x00000000       0x40 ..\obj\stm32f4xx_i2c.o
 .text.I2C_ARPCmd
                0x00000000       0x40 ..\obj\stm32f4xx_i2c.o
 .text.I2C_SendData
                0x00000000       0x20 ..\obj\stm32f4xx_i2c.o
 .text.I2C_ReceiveData
                0x00000000       0x1c ..\obj\stm32f4xx_i2c.o
 .text.I2C_TransmitPEC
                0x00000000       0x40 ..\obj\stm32f4xx_i2c.o
 .text.I2C_PECPositionConfig
                0x00000000       0x40 ..\obj\stm32f4xx_i2c.o
 .text.I2C_CalculatePEC
                0x00000000       0x40 ..\obj\stm32f4xx_i2c.o
 .text.I2C_GetPEC
                0x00000000       0x20 ..\obj\stm32f4xx_i2c.o
 .text.I2C_DMACmd
                0x00000000       0x40 ..\obj\stm32f4xx_i2c.o
 .text.I2C_DMALastTransferCmd
                0x00000000       0x40 ..\obj\stm32f4xx_i2c.o
 .text.I2C_ReadRegister
                0x00000000       0x30 ..\obj\stm32f4xx_i2c.o
 .text.I2C_ITConfig
                0x00000000       0x48 ..\obj\stm32f4xx_i2c.o
 .text.I2C_GetLastEvent
                0x00000000       0x44 ..\obj\stm32f4xx_i2c.o
 .text.I2C_GetFlagStatus
                0x00000000       0x68 ..\obj\stm32f4xx_i2c.o
 .text.I2C_ClearFlag
                0x00000000       0x2c ..\obj\stm32f4xx_i2c.o
 .text.I2C_GetITStatus
                0x00000000       0x5c ..\obj\stm32f4xx_i2c.o
 .text.I2C_ClearITPendingBit
                0x00000000       0x2c ..\obj\stm32f4xx_i2c.o
 .text          0x00000000        0x0 ..\obj\stm32f4xx_exti.o
 .data          0x00000000        0x0 ..\obj\stm32f4xx_exti.o
 .bss           0x00000000        0x0 ..\obj\stm32f4xx_exti.o
 .text.EXTI_DeInit
                0x00000000       0x34 ..\obj\stm32f4xx_exti.o
 .text.EXTI_StructInit
                0x00000000       0x2c ..\obj\stm32f4xx_exti.o
 .text.EXTI_GenerateSWInterrupt
                0x00000000       0x24 ..\obj\stm32f4xx_exti.o
 .text.EXTI_GetFlagStatus
                0x00000000       0x34 ..\obj\stm32f4xx_exti.o
 .text.EXTI_ClearFlag
                0x00000000       0x1c ..\obj\stm32f4xx_exti.o
 .text          0x00000000        0x0 ..\obj\misc.o
 .data          0x00000000        0x0 ..\obj\misc.o
 .bss           0x00000000        0x0 ..\obj\misc.o
 .text.NVIC_PriorityGroupConfig
                0x00000000       0x24 ..\obj\misc.o
 .text.NVIC_SetVectorTable
                0x00000000       0x2c ..\obj\misc.o
 .text.NVIC_SystemLPConfig
                0x00000000       0x40 ..\obj\misc.o
 .text.SysTick_CLKSourceConfig
                0x00000000       0x38 ..\obj\misc.o
 .text          0x00000000        0x0 ..\obj\stm32f4xx_tim.o
 .data          0x00000000        0x0 ..\obj\stm32f4xx_tim.o
 .bss           0x00000000        0x0 ..\obj\stm32f4xx_tim.o
 .text.TIM_DeInit
                0x00000000      0x1bc ..\obj\stm32f4xx_tim.o
 .text.TIM_TimeBaseStructInit
                0x00000000       0x34 ..\obj\stm32f4xx_tim.o
 .text.TIM_PrescalerConfig
                0x00000000       0x28 ..\obj\stm32f4xx_tim.o
 .text.TIM_CounterModeConfig
                0x00000000       0x38 ..\obj\stm32f4xx_tim.o
 .text.TIM_SetCounter
                0x00000000       0x1c ..\obj\stm32f4xx_tim.o
 .text.TIM_SetAutoreload
                0x00000000       0x1c ..\obj\stm32f4xx_tim.o
 .text.TIM_GetCounter
                0x00000000       0x18 ..\obj\stm32f4xx_tim.o
 .text.TIM_GetPrescaler
                0x00000000       0x1c ..\obj\stm32f4xx_tim.o
 .text.TIM_UpdateDisableConfig
                0x00000000       0x40 ..\obj\stm32f4xx_tim.o
 .text.TIM_UpdateRequestConfig
                0x00000000       0x40 ..\obj\stm32f4xx_tim.o
 .text.TIM_ARRPreloadConfig
                0x00000000       0x40 ..\obj\stm32f4xx_tim.o
 .text.TIM_SelectOnePulseMode
                0x00000000       0x38 ..\obj\stm32f4xx_tim.o
 .text.TIM_SetClockDivision
                0x00000000       0x38 ..\obj\stm32f4xx_tim.o
 .text.TIM_OC1Init
                0x00000000       0xf4 ..\obj\stm32f4xx_tim.o
 .text.TIM_OC2Init
                0x00000000      0x110 ..\obj\stm32f4xx_tim.o
 .text.TIM_OC3Init
                0x00000000      0x10c ..\obj\stm32f4xx_tim.o
 .text.TIM_OC4Init
                0x00000000       0xcc ..\obj\stm32f4xx_tim.o
 .text.TIM_OCStructInit
                0x00000000       0x44 ..\obj\stm32f4xx_tim.o
 .text.TIM_SelectOCxM
                0x00000000       0xac ..\obj\stm32f4xx_tim.o
 .text.TIM_SetCompare1
                0x00000000       0x1c ..\obj\stm32f4xx_tim.o
 .text.TIM_SetCompare2
                0x00000000       0x1c ..\obj\stm32f4xx_tim.o
 .text.TIM_SetCompare3
                0x00000000       0x1c ..\obj\stm32f4xx_tim.o
 .text.TIM_SetCompare4
                0x00000000       0x1c ..\obj\stm32f4xx_tim.o
 .text.TIM_ForcedOC1Config
                0x00000000       0x38 ..\obj\stm32f4xx_tim.o
 .text.TIM_ForcedOC2Config
                0x00000000       0x3c ..\obj\stm32f4xx_tim.o
 .text.TIM_ForcedOC3Config
                0x00000000       0x38 ..\obj\stm32f4xx_tim.o
 .text.TIM_ForcedOC4Config
                0x00000000       0x3c ..\obj\stm32f4xx_tim.o
 .text.TIM_OC1PreloadConfig
                0x00000000       0x38 ..\obj\stm32f4xx_tim.o
 .text.TIM_OC2PreloadConfig
                0x00000000       0x3c ..\obj\stm32f4xx_tim.o
 .text.TIM_OC3PreloadConfig
                0x00000000       0x38 ..\obj\stm32f4xx_tim.o
 .text.TIM_OC4PreloadConfig
                0x00000000       0x3c ..\obj\stm32f4xx_tim.o
 .text.TIM_OC1FastConfig
                0x00000000       0x38 ..\obj\stm32f4xx_tim.o
 .text.TIM_OC2FastConfig
                0x00000000       0x3c ..\obj\stm32f4xx_tim.o
 .text.TIM_OC3FastConfig
                0x00000000       0x38 ..\obj\stm32f4xx_tim.o
 .text.TIM_OC4FastConfig
                0x00000000       0x3c ..\obj\stm32f4xx_tim.o
 .text.TIM_ClearOC1Ref
                0x00000000       0x38 ..\obj\stm32f4xx_tim.o
 .text.TIM_ClearOC2Ref
                0x00000000       0x3c ..\obj\stm32f4xx_tim.o
 .text.TIM_ClearOC3Ref
                0x00000000       0x38 ..\obj\stm32f4xx_tim.o
 .text.TIM_ClearOC4Ref
                0x00000000       0x3c ..\obj\stm32f4xx_tim.o
 .text.TIM_OC1PolarityConfig
                0x00000000       0x38 ..\obj\stm32f4xx_tim.o
 .text.TIM_OC1NPolarityConfig
                0x00000000       0x38 ..\obj\stm32f4xx_tim.o
 .text.TIM_OC2PolarityConfig
                0x00000000       0x3c ..\obj\stm32f4xx_tim.o
 .text.TIM_OC2NPolarityConfig
                0x00000000       0x3c ..\obj\stm32f4xx_tim.o
 .text.TIM_OC3PolarityConfig
                0x00000000       0x3c ..\obj\stm32f4xx_tim.o
 .text.TIM_OC3NPolarityConfig
                0x00000000       0x3c ..\obj\stm32f4xx_tim.o
 .text.TIM_OC4PolarityConfig
                0x00000000       0x3c ..\obj\stm32f4xx_tim.o
 .text.TIM_CCxCmd
                0x00000000       0x54 ..\obj\stm32f4xx_tim.o
 .text.TIM_CCxNCmd
                0x00000000       0x54 ..\obj\stm32f4xx_tim.o
 .text.TIM_ICInit
                0x00000000       0xa8 ..\obj\stm32f4xx_tim.o
 .text.TIM_ICStructInit
                0x00000000       0x30 ..\obj\stm32f4xx_tim.o
 .text.TIM_PWMIConfig
                0x00000000       0xb8 ..\obj\stm32f4xx_tim.o
 .text.TIM_GetCapture1
                0x00000000       0x18 ..\obj\stm32f4xx_tim.o
 .text.TIM_GetCapture2
                0x00000000       0x18 ..\obj\stm32f4xx_tim.o
 .text.TIM_GetCapture3
                0x00000000       0x18 ..\obj\stm32f4xx_tim.o
 .text.TIM_GetCapture4
                0x00000000       0x18 ..\obj\stm32f4xx_tim.o
 .text.TIM_SetIC1Prescaler
                0x00000000       0x38 ..\obj\stm32f4xx_tim.o
 .text.TIM_SetIC2Prescaler
                0x00000000       0x3c ..\obj\stm32f4xx_tim.o
 .text.TIM_SetIC3Prescaler
                0x00000000       0x38 ..\obj\stm32f4xx_tim.o
 .text.TIM_SetIC4Prescaler
                0x00000000       0x3c ..\obj\stm32f4xx_tim.o
 .text.TIM_BDTRConfig
                0x00000000       0x50 ..\obj\stm32f4xx_tim.o
 .text.TIM_BDTRStructInit
                0x00000000       0x3c ..\obj\stm32f4xx_tim.o
 .text.TIM_CtrlPWMOutputs
                0x00000000       0x4c ..\obj\stm32f4xx_tim.o
 .text.TIM_SelectCOM
                0x00000000       0x40 ..\obj\stm32f4xx_tim.o
 .text.TIM_CCPreloadControl
                0x00000000       0x40 ..\obj\stm32f4xx_tim.o
 .text.TIM_GenerateEvent
                0x00000000       0x1c ..\obj\stm32f4xx_tim.o
 .text.TIM_GetFlagStatus
                0x00000000       0x38 ..\obj\stm32f4xx_tim.o
 .text.TIM_ClearFlag
                0x00000000       0x20 ..\obj\stm32f4xx_tim.o
 .text.TIM_DMAConfig
                0x00000000       0x28 ..\obj\stm32f4xx_tim.o
 .text.TIM_DMACmd
                0x00000000       0x48 ..\obj\stm32f4xx_tim.o
 .text.TIM_SelectCCDMA
                0x00000000       0x40 ..\obj\stm32f4xx_tim.o
 .text.TIM_InternalClockConfig
                0x00000000       0x24 ..\obj\stm32f4xx_tim.o
 .text.TIM_ITRxExternalClockConfig
                0x00000000       0x2c ..\obj\stm32f4xx_tim.o
 .text.TIM_TIxExternalClockConfig
                0x00000000       0x54 ..\obj\stm32f4xx_tim.o
 .text.TIM_ETRClockMode1Config
                0x00000000       0x50 ..\obj\stm32f4xx_tim.o
 .text.TIM_ETRClockMode2Config
                0x00000000       0x30 ..\obj\stm32f4xx_tim.o
 .text.TIM_SelectInputTrigger
                0x00000000       0x38 ..\obj\stm32f4xx_tim.o
 .text.TIM_SelectOutputTrigger
                0x00000000       0x38 ..\obj\stm32f4xx_tim.o
 .text.TIM_SelectSlaveMode
                0x00000000       0x38 ..\obj\stm32f4xx_tim.o
 .text.TIM_SelectMasterSlaveMode
                0x00000000       0x38 ..\obj\stm32f4xx_tim.o
 .text.TIM_ETRConfig
                0x00000000       0x48 ..\obj\stm32f4xx_tim.o
 .text.TIM_EncoderInterfaceConfig
                0x00000000       0x8c ..\obj\stm32f4xx_tim.o
 .text.TIM_SelectHallSensor
                0x00000000       0x40 ..\obj\stm32f4xx_tim.o
 .text.TIM_RemapConfig
                0x00000000       0x20 ..\obj\stm32f4xx_tim.o
 .text.TI1_Config
                0x00000000       0x78 ..\obj\stm32f4xx_tim.o
 .text.TI2_Config
                0x00000000       0x8c ..\obj\stm32f4xx_tim.o
 .text.TI3_Config
                0x00000000       0x84 ..\obj\stm32f4xx_tim.o
 .text.TI4_Config
                0x00000000       0x90 ..\obj\stm32f4xx_tim.o
 .text          0x00000000        0x0 ..\obj\dmp_interrupt.o
 .data          0x00000000        0x0 ..\obj\dmp_interrupt.o
 .bss           0x00000000        0x0 ..\obj\dmp_interrupt.o
 .text.int_disable
                0x00000000       0x10 ..\obj\dmp_interrupt.o
 .data          0x00000000        0x0 c:/stm32f-krssg/gcc-arm-none-eabi/bin/../lib/gcc/arm-none-eabi/4.8.3/armv7e-m\libgcc.a(_arm_addsubsf3.o)
 .bss           0x00000000        0x0 c:/stm32f-krssg/gcc-arm-none-eabi/bin/../lib/gcc/arm-none-eabi/4.8.3/armv7e-m\libgcc.a(_arm_addsubsf3.o)
 .data          0x00000000        0x0 c:/stm32f-krssg/gcc-arm-none-eabi/bin/../lib/gcc/arm-none-eabi/4.8.3/armv7e-m\libgcc.a(_arm_muldivsf3.o)
 .bss           0x00000000        0x0 c:/stm32f-krssg/gcc-arm-none-eabi/bin/../lib/gcc/arm-none-eabi/4.8.3/armv7e-m\libgcc.a(_arm_muldivsf3.o)
 .text          0x00000000       0xec c:/stm32f-krssg/gcc-arm-none-eabi/bin/../lib/gcc/arm-none-eabi/4.8.3/armv7e-m\libgcc.a(_arm_cmpsf2.o)
 .data          0x00000000        0x0 c:/stm32f-krssg/gcc-arm-none-eabi/bin/../lib/gcc/arm-none-eabi/4.8.3/armv7e-m\libgcc.a(_arm_cmpsf2.o)
 .bss           0x00000000        0x0 c:/stm32f-krssg/gcc-arm-none-eabi/bin/../lib/gcc/arm-none-eabi/4.8.3/armv7e-m\libgcc.a(_arm_cmpsf2.o)
 .ARM.attributes
                0x00000000       0x1e c:/stm32f-krssg/gcc-arm-none-eabi/bin/../lib/gcc/arm-none-eabi/4.8.3/armv7e-m\libgcc.a(_arm_cmpsf2.o)
 .text          0x00000000       0x4c c:/stm32f-krssg/gcc-arm-none-eabi/bin/../lib/gcc/arm-none-eabi/4.8.3/armv7e-m\libgcc.a(_arm_fixsfsi.o)
 .data          0x00000000        0x0 c:/stm32f-krssg/gcc-arm-none-eabi/bin/../lib/gcc/arm-none-eabi/4.8.3/armv7e-m\libgcc.a(_arm_fixsfsi.o)
 .bss           0x00000000        0x0 c:/stm32f-krssg/gcc-arm-none-eabi/bin/../lib/gcc/arm-none-eabi/4.8.3/armv7e-m\libgcc.a(_arm_fixsfsi.o)
 .ARM.attributes
                0x00000000       0x1e c:/stm32f-krssg/gcc-arm-none-eabi/bin/../lib/gcc/arm-none-eabi/4.8.3/armv7e-m\libgcc.a(_arm_fixsfsi.o)
 .data          0x00000000        0x0 c:/stm32f-krssg/gcc-arm-none-eabi/bin/../lib/gcc/arm-none-eabi/4.8.3/armv7e-m\libgcc.a(_arm_fixunssfsi.o)
 .bss           0x00000000        0x0 c:/stm32f-krssg/gcc-arm-none-eabi/bin/../lib/gcc/arm-none-eabi/4.8.3/armv7e-m\libgcc.a(_arm_fixunssfsi.o)
 .text          0x00000000       0x38 c:/stm32f-krssg/gcc-arm-none-eabi/bin/../lib/gcc/arm-none-eabi/4.8.3/armv7e-m\libgcc.a(_aeabi_ldivmod.o)
 .data          0x00000000        0x0 c:/stm32f-krssg/gcc-arm-none-eabi/bin/../lib/gcc/arm-none-eabi/4.8.3/armv7e-m\libgcc.a(_aeabi_ldivmod.o)
 .bss           0x00000000        0x0 c:/stm32f-krssg/gcc-arm-none-eabi/bin/../lib/gcc/arm-none-eabi/4.8.3/armv7e-m\libgcc.a(_aeabi_ldivmod.o)
 .ARM.attributes
                0x00000000       0x1e c:/stm32f-krssg/gcc-arm-none-eabi/bin/../lib/gcc/arm-none-eabi/4.8.3/armv7e-m\libgcc.a(_aeabi_ldivmod.o)
 .text          0x00000000       0x60 c:/stm32f-krssg/gcc-arm-none-eabi/bin/../lib/gcc/arm-none-eabi/4.8.3/armv7e-m\libgcc.a(bpabi.o)
 .data          0x00000000        0x0 c:/stm32f-krssg/gcc-arm-none-eabi/bin/../lib/gcc/arm-none-eabi/4.8.3/armv7e-m\libgcc.a(bpabi.o)
 .bss           0x00000000        0x0 c:/stm32f-krssg/gcc-arm-none-eabi/bin/../lib/gcc/arm-none-eabi/4.8.3/armv7e-m\libgcc.a(bpabi.o)
 .ARM.attributes
                0x00000000       0x2e c:/stm32f-krssg/gcc-arm-none-eabi/bin/../lib/gcc/arm-none-eabi/4.8.3/armv7e-m\libgcc.a(bpabi.o)
 .debug_frame   0x00000000       0x50 c:/stm32f-krssg/gcc-arm-none-eabi/bin/../lib/gcc/arm-none-eabi/4.8.3/armv7e-m\libgcc.a(bpabi.o)
 .text          0x00000000        0x4 c:/stm32f-krssg/gcc-arm-none-eabi/bin/../lib/gcc/arm-none-eabi/4.8.3/armv7e-m\libgcc.a(_dvmd_tls.o)
 .data          0x00000000        0x0 c:/stm32f-krssg/gcc-arm-none-eabi/bin/../lib/gcc/arm-none-eabi/4.8.3/armv7e-m\libgcc.a(_dvmd_tls.o)
 .bss           0x00000000        0x0 c:/stm32f-krssg/gcc-arm-none-eabi/bin/../lib/gcc/arm-none-eabi/4.8.3/armv7e-m\libgcc.a(_dvmd_tls.o)
 .ARM.attributes
                0x00000000       0x1e c:/stm32f-krssg/gcc-arm-none-eabi/bin/../lib/gcc/arm-none-eabi/4.8.3/armv7e-m\libgcc.a(_dvmd_tls.o)
 .text          0x00000000      0x298 c:/stm32f-krssg/gcc-arm-none-eabi/bin/../lib/gcc/arm-none-eabi/4.8.3/armv7e-m\libgcc.a(_divdi3.o)
 .data          0x00000000        0x0 c:/stm32f-krssg/gcc-arm-none-eabi/bin/../lib/gcc/arm-none-eabi/4.8.3/armv7e-m\libgcc.a(_divdi3.o)
 .bss           0x00000000        0x0 c:/stm32f-krssg/gcc-arm-none-eabi/bin/../lib/gcc/arm-none-eabi/4.8.3/armv7e-m\libgcc.a(_divdi3.o)
 .ARM.extab     0x00000000        0x0 c:/stm32f-krssg/gcc-arm-none-eabi/bin/../lib/gcc/arm-none-eabi/4.8.3/armv7e-m\libgcc.a(_divdi3.o)
 .ARM.exidx     0x00000000        0x8 c:/stm32f-krssg/gcc-arm-none-eabi/bin/../lib/gcc/arm-none-eabi/4.8.3/armv7e-m\libgcc.a(_divdi3.o)
 .ARM.attributes
                0x00000000       0x2e c:/stm32f-krssg/gcc-arm-none-eabi/bin/../lib/gcc/arm-none-eabi/4.8.3/armv7e-m\libgcc.a(_divdi3.o)
 .debug_frame   0x00000000       0x34 c:/stm32f-krssg/gcc-arm-none-eabi/bin/../lib/gcc/arm-none-eabi/4.8.3/armv7e-m\libgcc.a(_divdi3.o)
 .text          0x00000000      0x284 c:/stm32f-krssg/gcc-arm-none-eabi/bin/../lib/gcc/arm-none-eabi/4.8.3/armv7e-m\libgcc.a(_udivdi3.o)
 .data          0x00000000        0x0 c:/stm32f-krssg/gcc-arm-none-eabi/bin/../lib/gcc/arm-none-eabi/4.8.3/armv7e-m\libgcc.a(_udivdi3.o)
 .bss           0x00000000        0x0 c:/stm32f-krssg/gcc-arm-none-eabi/bin/../lib/gcc/arm-none-eabi/4.8.3/armv7e-m\libgcc.a(_udivdi3.o)
 .ARM.extab     0x00000000        0x0 c:/stm32f-krssg/gcc-arm-none-eabi/bin/../lib/gcc/arm-none-eabi/4.8.3/armv7e-m\libgcc.a(_udivdi3.o)
 .ARM.exidx     0x00000000        0x8 c:/stm32f-krssg/gcc-arm-none-eabi/bin/../lib/gcc/arm-none-eabi/4.8.3/armv7e-m\libgcc.a(_udivdi3.o)
 .ARM.attributes
                0x00000000       0x2e c:/stm32f-krssg/gcc-arm-none-eabi/bin/../lib/gcc/arm-none-eabi/4.8.3/armv7e-m\libgcc.a(_udivdi3.o)
 .debug_frame   0x00000000       0x34 c:/stm32f-krssg/gcc-arm-none-eabi/bin/../lib/gcc/arm-none-eabi/4.8.3/armv7e-m\libgcc.a(_udivdi3.o)
 .text          0x00000000        0x0 c:/stm32f-krssg/gcc-arm-none-eabi/bin/../lib/gcc/arm-none-eabi/4.8.3/../../../../arm-none-eabi/lib/armv7e-m\libg.a(lib_a-memcmp.o)
 .data          0x00000000        0x0 c:/stm32f-krssg/gcc-arm-none-eabi/bin/../lib/gcc/arm-none-eabi/4.8.3/../../../../arm-none-eabi/lib/armv7e-m\libg.a(lib_a-memcmp.o)
 .bss           0x00000000        0x0 c:/stm32f-krssg/gcc-arm-none-eabi/bin/../lib/gcc/arm-none-eabi/4.8.3/../../../../arm-none-eabi/lib/armv7e-m\libg.a(lib_a-memcmp.o)
 .text          0x00000000        0x0 c:/stm32f-krssg/gcc-arm-none-eabi/bin/../lib/gcc/arm-none-eabi/4.8.3/../../../../arm-none-eabi/lib/armv7e-m\libg.a(lib_a-memset.o)
 .data          0x00000000        0x0 c:/stm32f-krssg/gcc-arm-none-eabi/bin/../lib/gcc/arm-none-eabi/4.8.3/../../../../arm-none-eabi/lib/armv7e-m\libg.a(lib_a-memset.o)
 .bss           0x00000000        0x0 c:/stm32f-krssg/gcc-arm-none-eabi/bin/../lib/gcc/arm-none-eabi/4.8.3/../../../../arm-none-eabi/lib/armv7e-m\libg.a(lib_a-memset.o)

Memory Configuration

Name             Origin             Length             Attributes
rom              0x08000000         0x00100000         xr
ram              0x20000000         0x00020000         xrw
ram1             0x10000000         0x00010000         xrw
*default*        0x00000000         0xffffffff

Linker script and memory map

                0x20020000                _eram = 0x20020000

.text           0x08000000     0x52dc
 *(.isr_vector .isr_vector.*)
 .isr_vector    0x08000000      0x188 ..\obj\startup_stm32f4xx.o
                0x08000000                g_pfnVectors
 *(.text .text.* .gnu.linkonce.t.*)
 .text.SH_SendChar
                0x08000188       0x64 ..\obj\semihosting.o
                0x08000188                SH_SendChar
 .text.SYSCFG_EXTILineConfig
                0x080001ec       0x7c ..\obj\stm32f4xx_syscfg.o
                0x080001ec                SYSCFG_EXTILineConfig
 .text.TIM4_IRQHandler
                0x08000268       0x58 ..\obj\dmp_clock.o
                0x08000268                TIM4_IRQHandler
 .text.clock_enable
                0x080002c0       0x9c ..\obj\dmp_clock.o
                0x080002c0                clock_enable
 .text.clock_init
                0x0800035c       0x24 ..\obj\dmp_clock.o
                0x0800035c                clock_init
 .text.get_clock_ms
                0x08000380       0x2c ..\obj\dmp_clock.o
                0x08000380                get_clock_ms
 .text.delay_ms
                0x080003ac       0x40 ..\obj\dmp_clock.o
                0x080003ac                delay_ms
 .text.reg_int_cb
                0x080003ec       0x1c ..\obj\inv_mpu.o
 .text.set_int_enable
                0x08000408       0xbc ..\obj\inv_mpu.o
 .text.mpu_init
                0x080004c4      0x168 ..\obj\inv_mpu.o
                0x080004c4                mpu_init
 .text.mpu_lp_accel_mode
                0x0800062c       0xf4 ..\obj\inv_mpu.o
                0x0800062c                mpu_lp_accel_mode
 .text.mpu_reset_fifo
                0x08000720      0x234 ..\obj\inv_mpu.o
                0x08000720                mpu_reset_fifo
 .text.mpu_get_gyro_fsr
                0x08000954       0x68 ..\obj\inv_mpu.o
                0x08000954                mpu_get_gyro_fsr
 .text.mpu_set_gyro_fsr
                0x080009bc       0xa8 ..\obj\inv_mpu.o
                0x080009bc                mpu_set_gyro_fsr
 .text.mpu_get_accel_fsr
                0x08000a64       0x74 ..\obj\inv_mpu.o
                0x08000a64                mpu_get_accel_fsr
 .text.mpu_set_accel_fsr
                0x08000ad8       0xd4 ..\obj\inv_mpu.o
                0x08000ad8                mpu_set_accel_fsr
 .text.mpu_set_lpf
                0x08000bac       0xa0 ..\obj\inv_mpu.o
                0x08000bac                mpu_set_lpf
 .text.mpu_get_sample_rate
                0x08000c4c       0x34 ..\obj\inv_mpu.o
                0x08000c4c                mpu_get_sample_rate
 .text.mpu_set_sample_rate
                0x08000c80       0xd0 ..\obj\inv_mpu.o
                0x08000c80                mpu_set_sample_rate
 .text.mpu_configure_fifo
                0x08000d50       0xa4 ..\obj\inv_mpu.o
                0x08000d50                mpu_configure_fifo
 .text.mpu_set_sensors
                0x08000df4      0x114 ..\obj\inv_mpu.o
                0x08000df4                mpu_set_sensors
 .text.mpu_read_fifo
                0x08000f08      0x328 ..\obj\inv_mpu.o
                0x08000f08                mpu_read_fifo
 .text.mpu_read_fifo_stream
                0x08001230      0x108 ..\obj\inv_mpu.o
                0x08001230                mpu_read_fifo_stream
 .text.mpu_set_bypass
                0x08001338      0x1a4 ..\obj\inv_mpu.o
                0x08001338                mpu_set_bypass
 .text.mpu_set_int_latched
                0x080014dc       0x8c ..\obj\inv_mpu.o
                0x080014dc                mpu_set_int_latched
 .text.mpu_write_mem
                0x08001568       0xb0 ..\obj\inv_mpu.o
                0x08001568                mpu_write_mem
 .text.mpu_read_mem
                0x08001618       0xb0 ..\obj\inv_mpu.o
                0x08001618                mpu_read_mem
 .text.mpu_load_firmware
                0x080016c8      0x110 ..\obj\inv_mpu.o
                0x080016c8                mpu_load_firmware
 .text.mpu_set_dmp_state
                0x080017d8       0xac ..\obj\inv_mpu.o
                0x080017d8                mpu_set_dmp_state
 .text.Default_Reset_Handler
                0x08001884       0x5c ..\obj\startup_stm32f4xx.o
                0x08001884                Default_Reset_Handler
                0x08001884                Reset_Handler
 .text.Default_Handler
                0x080018e0        0x8 ..\obj\startup_stm32f4xx.o
                0x080018e0                RTC_Alarm_IRQHandler
                0x080018e0                HASH_RNG_IRQHandler
                0x080018e0                EXTI2_IRQHandler
                0x080018e0                TIM8_CC_IRQHandler
                0x080018e0                DebugMon_Handler
                0x080018e0                TIM1_CC_IRQHandler
                0x080018e0                DMA2_Stream5_IRQHandler
                0x080018e0                DMA1_Stream5_IRQHandler
                0x080018e0                SysTick_Handler
                0x080018e0                PVD_IRQHandler
                0x080018e0                SDIO_IRQHandler
                0x080018e0                TAMP_STAMP_IRQHandler
                0x080018e0                PendSV_Handler
                0x080018e0                NMI_Handler
                0x080018e0                CAN2_RX1_IRQHandler
                0x080018e0                EXTI3_IRQHandler
                0x080018e0                TIM8_TRG_COM_TIM14_IRQHandler
                0x080018e0                TIM1_UP_TIM10_IRQHandler
                0x080018e0                TIM8_UP_TIM13_IRQHandler
                0x080018e0                I2C3_ER_IRQHandler
                0x080018e0                EXTI0_IRQHandler
                0x080018e0                I2C2_EV_IRQHandler
                0x080018e0                DMA1_Stream2_IRQHandler
                0x080018e0                CAN1_RX0_IRQHandler
                0x080018e0                FPU_IRQHandler
                0x080018e0                OTG_HS_WKUP_IRQHandler
                0x080018e0                UsageFault_Handler
                0x080018e0                CAN2_SCE_IRQHandler
                0x080018e0                DMA2_Stream2_IRQHandler
                0x080018e0                SPI1_IRQHandler
                0x080018e0                TIM6_DAC_IRQHandler
                0x080018e0                TIM1_BRK_TIM9_IRQHandler
                0x080018e0                DCMI_IRQHandler
                0x080018e0                CAN2_RX0_IRQHandler
                0x080018e0                DMA2_Stream3_IRQHandler
                0x080018e0                USART6_IRQHandler
                0x080018e0                USART3_IRQHandler
                0x080018e0                CRYP_IRQHandler
                0x080018e0                CAN1_RX1_IRQHandler
                0x080018e0                UART5_IRQHandler
                0x080018e0                DMA2_Stream0_IRQHandler
                0x080018e0                I2C1_EV_IRQHandler
                0x080018e0                DMA1_Stream6_IRQHandler
                0x080018e0                DMA1_Stream1_IRQHandler
                0x080018e0                UART4_IRQHandler
                0x080018e0                TIM3_IRQHandler
                0x080018e0                RCC_IRQHandler
                0x080018e0                TIM8_BRK_TIM12_IRQHandler
                0x080018e0                EXTI15_10_IRQHandler
                0x080018e0                ADC_IRQHandler
                0x080018e0                DMA1_Stream7_IRQHandler
                0x080018e0                TIM7_IRQHandler
                0x080018e0                CAN2_TX_IRQHandler
                0x080018e0                TIM5_IRQHandler
                0x080018e0                DMA2_Stream7_IRQHandler
                0x080018e0                I2C3_EV_IRQHandler
                0x080018e0                EXTI9_5_IRQHandler
                0x080018e0                RTC_WKUP_IRQHandler
                0x080018e0                ETH_WKUP_IRQHandler
                0x080018e0                SPI2_IRQHandler
                0x080018e0                OTG_HS_EP1_IN_IRQHandler
                0x080018e0                MemManage_Handler
                0x080018e0                DMA1_Stream0_IRQHandler
                0x080018e0                CAN1_TX_IRQHandler
                0x080018e0                SVC_Handler
                0x080018e0                FSMC_IRQHandler
                0x080018e0                ETH_IRQHandler
                0x080018e0                OTG_HS_EP1_OUT_IRQHandler
                0x080018e0                WWDG_IRQHandler
                0x080018e0                TIM2_IRQHandler
                0x080018e0                OTG_FS_WKUP_IRQHandler
                0x080018e0                TIM1_TRG_COM_TIM11_IRQHandler
                0x080018e0                OTG_HS_IRQHandler
                0x080018e0                EXTI1_IRQHandler
                0x080018e0                USART2_IRQHandler
                0x080018e0                I2C2_ER_IRQHandler
                0x080018e0                DMA2_Stream1_IRQHandler
                0x080018e0                CAN1_SCE_IRQHandler
                0x080018e0                FLASH_IRQHandler
                0x080018e0                DMA2_Stream4_IRQHandler
                0x080018e0                BusFault_Handler
                0x080018e0                USART1_IRQHandler
                0x080018e0                OTG_FS_IRQHandler
                0x080018e0                SPI3_IRQHandler
                0x080018e0                DMA1_Stream4_IRQHandler
                0x080018e0                I2C1_ER_IRQHandler
                0x080018e0                DMA2_Stream6_IRQHandler
                0x080018e0                DMA1_Stream3_IRQHandler
 .text.inv_row_2_scale
                0x080018e8       0x84 ..\obj\main.o
 .text.inv_orientation_matrix_to_scalar
                0x0800196c       0x4c ..\obj\main.o
 .text.stm32f4_reset
                0x080019b8        0xc ..\obj\main.o
 .text.gyro_data_ready_cb
                0x080019c4       0x18 ..\obj\main.o
 .text.platform_init
                0x080019dc       0x18 ..\obj\main.o
 .text.main     0x080019f4      0x24c ..\obj\main.o
                0x080019f4                main
 .text.RCC_GetClocksFreq
                0x08001c40      0x154 ..\obj\stm32f4xx_rcc.o
                0x08001c40                RCC_GetClocksFreq
 .text.RCC_AHB1PeriphClockCmd
                0x08001d94       0x3c ..\obj\stm32f4xx_rcc.o
                0x08001d94                RCC_AHB1PeriphClockCmd
 .text.RCC_APB1PeriphClockCmd
                0x08001dd0       0x3c ..\obj\stm32f4xx_rcc.o
                0x08001dd0                RCC_APB1PeriphClockCmd
 .text.RCC_APB2PeriphClockCmd
                0x08001e0c       0x3c ..\obj\stm32f4xx_rcc.o
                0x08001e0c                RCC_APB2PeriphClockCmd
 .text.PrintChar
                0x08001e48       0x18 ..\obj\printf.o
                0x08001e48                PrintChar
 .text.PutChar  0x08001e60       0x20 ..\obj\printf.o
                0x08001e60                PutChar
 .text.PutString
                0x08001e80       0x3c ..\obj\printf.o
                0x08001e80                PutString
 .text.PutUnsignedInt
                0x08001ebc       0xa0 ..\obj\printf.o
                0x08001ebc                PutUnsignedInt
 .text.PutSignedInt
                0x08001f5c       0xfc ..\obj\printf.o
                0x08001f5c                PutSignedInt
 .text.PutHexa  0x08002058       0xd4 ..\obj\printf.o
                0x08002058                PutHexa
 .text.vsnprintf
                0x0800212c      0x254 ..\obj\printf.o
                0x0800212c                vsnprintf
 .text.vsprintf
                0x08002380       0x24 ..\obj\printf.o
                0x08002380                vsprintf
 .text.vfprintf
                0x080023a4       0x68 ..\obj\printf.o
                0x080023a4                vfprintf
 .text.vprintf  0x0800240c       0x28 ..\obj\printf.o
                0x0800240c                vprintf
 .text.printf   0x08002434       0x28 ..\obj\printf.o
                0x08002434                printf
 .text.fputc    0x0800245c       0x40 ..\obj\printf.o
                0x0800245c                fputc
 .text.fputs    0x0800249c       0x48 ..\obj\printf.o
                0x0800249c                fputs
 .text.dmp_load_motion_driver_firmware
                0x080024e4       0x20 ..\obj\inv_mpu_dmp_motion_driver.o
                0x080024e4                dmp_load_motion_driver_firmware
 .text.dmp_set_orientation
                0x08002504      0x1d4 ..\obj\inv_mpu_dmp_motion_driver.o
                0x08002504                dmp_set_orientation
 .text.dmp_set_fifo_rate
                0x080026d8       0x94 ..\obj\inv_mpu_dmp_motion_driver.o
                0x080026d8                dmp_set_fifo_rate
 .text.dmp_set_tap_thresh
                0x0800276c      0x250 ..\obj\inv_mpu_dmp_motion_driver.o
                0x0800276c                dmp_set_tap_thresh
 .text.dmp_set_tap_axes
                0x080029bc       0x64 ..\obj\inv_mpu_dmp_motion_driver.o
                0x080029bc                dmp_set_tap_axes
 .text.dmp_set_tap_count
                0x08002a20       0x44 ..\obj\inv_mpu_dmp_motion_driver.o
                0x08002a20                dmp_set_tap_count
 .text.dmp_set_tap_time
                0x08002a64       0x44 ..\obj\inv_mpu_dmp_motion_driver.o
                0x08002a64                dmp_set_tap_time
 .text.dmp_set_tap_time_multi
                0x08002aa8       0x44 ..\obj\inv_mpu_dmp_motion_driver.o
                0x08002aa8                dmp_set_tap_time_multi
 .text.dmp_set_shake_reject_thresh
                0x08002aec       0x60 ..\obj\inv_mpu_dmp_motion_driver.o
                0x08002aec                dmp_set_shake_reject_thresh
 .text.dmp_set_shake_reject_time
                0x08002b4c       0x44 ..\obj\inv_mpu_dmp_motion_driver.o
                0x08002b4c                dmp_set_shake_reject_time
 .text.dmp_set_shake_reject_timeout
                0x08002b90       0x44 ..\obj\inv_mpu_dmp_motion_driver.o
                0x08002b90                dmp_set_shake_reject_timeout
 .text.dmp_enable_feature
                0x08002bd4      0x250 ..\obj\inv_mpu_dmp_motion_driver.o
                0x08002bd4                dmp_enable_feature
 .text.dmp_enable_gyro_cal
                0x08002e24       0x68 ..\obj\inv_mpu_dmp_motion_driver.o
                0x08002e24                dmp_enable_gyro_cal
 .text.dmp_enable_lp_quat
                0x08002e8c       0x50 ..\obj\inv_mpu_dmp_motion_driver.o
                0x08002e8c                dmp_enable_lp_quat
 .text.dmp_enable_6x_lp_quat
                0x08002edc       0x50 ..\obj\inv_mpu_dmp_motion_driver.o
                0x08002edc                dmp_enable_6x_lp_quat
 .text.decode_gesture
                0x08002f2c       0x88 ..\obj\inv_mpu_dmp_motion_driver.o
 .text.dmp_read_fifo
                0x08002fb4      0x2d8 ..\obj\inv_mpu_dmp_motion_driver.o
                0x08002fb4                dmp_read_fifo
 .text.GPIO_Init
                0x0800328c      0x11c ..\obj\stm32f4xx_gpio.o
                0x0800328c                GPIO_Init
 .text.GPIO_PinAFConfig
                0x080033a8       0x8c ..\obj\stm32f4xx_gpio.o
                0x080033a8                GPIO_PinAFConfig
 .text          0x08003434       0x30 ..\obj\sh_cmd.o
                0x08003434                SH_DoCommand
                0x0800344a                HardFault_Handler
 .text.i2c_enable
                0x08003464       0x98 ..\obj\dmp_I2C.o
                0x08003464                i2c_enable
 .text.i2c_read
                0x080034fc       0x84 ..\obj\dmp_I2C.o
                0x080034fc                i2c_read
 .text.i2c_write
                0x08003580       0x90 ..\obj\dmp_I2C.o
                0x08003580                i2c_write
 .text.i2c_start
                0x08003610      0x108 ..\obj\dmp_I2C.o
                0x08003610                i2c_start
 .text.i2c_writedata
                0x08003718       0x50 ..\obj\dmp_I2C.o
                0x08003718                i2c_writedata
 .text.i2c_readack
                0x08003768       0x64 ..\obj\dmp_I2C.o
                0x08003768                i2c_readack
 .text.i2c_readnack
                0x080037cc       0x74 ..\obj\dmp_I2C.o
                0x080037cc                i2c_readnack
 .text.i2c_stop
                0x08003840       0x64 ..\obj\dmp_I2C.o
                0x08003840                i2c_stop
 .text.I2C_Init
                0x080038a4      0x184 ..\obj\stm32f4xx_i2c.o
                0x080038a4                I2C_Init
 .text.I2C_Cmd  0x08003a28       0x40 ..\obj\stm32f4xx_i2c.o
                0x08003a28                I2C_Cmd
 .text.I2C_CheckEvent
                0x08003a68       0x60 ..\obj\stm32f4xx_i2c.o
                0x08003a68                I2C_CheckEvent
 .text.EXTI_Init
                0x08003ac8       0xdc ..\obj\stm32f4xx_exti.o
                0x08003ac8                EXTI_Init
 .text.EXTI_GetITStatus
                0x08003ba4       0x48 ..\obj\stm32f4xx_exti.o
                0x08003ba4                EXTI_GetITStatus
 .text.EXTI_ClearITPendingBit
                0x08003bec       0x1c ..\obj\stm32f4xx_exti.o
                0x08003bec                EXTI_ClearITPendingBit
 .text.NVIC_Init
                0x08003c08       0xbc ..\obj\misc.o
                0x08003c08                NVIC_Init
 .text.TIM_TimeBaseInit
                0x08003cc4       0xd4 ..\obj\stm32f4xx_tim.o
                0x08003cc4                TIM_TimeBaseInit
 .text.TIM_Cmd  0x08003d98       0x40 ..\obj\stm32f4xx_tim.o
                0x08003d98                TIM_Cmd
 .text.TIM_ITConfig
                0x08003dd8       0x48 ..\obj\stm32f4xx_tim.o
                0x08003dd8                TIM_ITConfig
 .text.TIM_GetITStatus
                0x08003e20       0x54 ..\obj\stm32f4xx_tim.o
                0x08003e20                TIM_GetITStatus
 .text.TIM_ClearITPendingBit
                0x08003e74       0x20 ..\obj\stm32f4xx_tim.o
                0x08003e74                TIM_ClearITPendingBit
 .text.EXTI4_IRQHandler
                0x08003e94       0x24 ..\obj\dmp_interrupt.o
                0x08003e94                EXTI4_IRQHandler
 .text.stm_reg_int_cb
                0x08003eb8       0x20 ..\obj\dmp_interrupt.o
                0x08003eb8                stm_reg_int_cb
 .text.int_enable
                0x08003ed8       0x8c ..\obj\dmp_interrupt.o
                0x08003ed8                int_enable
 .text          0x08003f64      0x21c c:/stm32f-krssg/gcc-arm-none-eabi/bin/../lib/gcc/arm-none-eabi/4.8.3/armv7e-m\libgcc.a(_arm_addsubsf3.o)
                0x08003f64                __aeabi_frsub
                0x08003f6c                __subsf3
                0x08003f6c                __aeabi_fsub
                0x08003f70                __aeabi_fadd
                0x08003f70                __addsf3
                0x080040d0                __aeabi_ui2f
                0x080040d0                __floatunsisf
                0x080040d8                __aeabi_i2f
                0x080040d8                __floatsisf
                0x080040f4                __aeabi_ul2f
                0x080040f4                __floatundisf
                0x08004104                __aeabi_l2f
                0x08004104                __floatdisf
 .text          0x08004180      0x2a0 c:/stm32f-krssg/gcc-arm-none-eabi/bin/../lib/gcc/arm-none-eabi/4.8.3/armv7e-m\libgcc.a(_arm_muldivsf3.o)
                0x08004180                __mulsf3
                0x08004180                __aeabi_fmul
                0x080042e8                __aeabi_fdiv
                0x080042e8                __divsf3
 .text          0x08004420       0x40 c:/stm32f-krssg/gcc-arm-none-eabi/bin/../lib/gcc/arm-none-eabi/4.8.3/armv7e-m\libgcc.a(_arm_fixunssfsi.o)
                0x08004420                __fixunssfsi
                0x08004420                __aeabi_f2uiz
 .text.memcmp   0x08004460       0x68 c:/stm32f-krssg/gcc-arm-none-eabi/bin/../lib/gcc/arm-none-eabi/4.8.3/../../../../arm-none-eabi/lib/armv7e-m\libg.a(lib_a-memcmp.o)
                0x08004460                memcmp
 .text.memset   0x080044c8       0x94 c:/stm32f-krssg/gcc-arm-none-eabi/bin/../lib/gcc/arm-none-eabi/4.8.3/../../../../arm-none-eabi/lib/armv7e-m\libg.a(lib_a-memset.o)
                0x080044c8                memset
 *(.glue_7t)
 .glue_7t       0x00000000        0x0 linker stubs
 *(.glue_7)
 .glue_7        0x00000000        0x0 linker stubs
 *(.rodata .rodata* .gnu.linkonce.r.*)
 .rodata        0x0800455c       0x54 ..\obj\inv_mpu.o
                0x0800455c                reg
                0x0800457c                hw
                0x08004588                test
 .rodata        0x080045b0       0xc4 ..\obj\main.o
 .rodata        0x08004674       0x24 ..\obj\printf.o
 .rodata        0x08004698      0xc44 ..\obj\inv_mpu_dmp_motion_driver.o

.vfp11_veneer   0x080052dc        0x0
 .vfp11_veneer  0x00000000        0x0 linker stubs

.v4_bx          0x080052dc        0x0
 .v4_bx         0x00000000        0x0 linker stubs

.iplt           0x080052dc        0x0
 .iplt          0x00000000        0x0 ..\obj\semihosting.o

.rel.dyn        0x080052dc        0x0
 .rel.iplt      0x00000000        0x0 ..\obj\semihosting.o

.ARM.extab
 *(.ARM.extab* .gnu.linkonce.armextab.*)
                0x080052dc                __exidx_start = .

.ARM.exidx
 *(.ARM.exidx* .gnu.linkonce.armexidx.*)
                0x080052dc                __exidx_end = .
                0x080052dc                . = ALIGN (0x4)
                0x080052dc                _etext = .
                0x080052dc                _sidata = .

.data           0x20000000      0x478 load address 0x080052dc
                0x20000000                _sdata = .
 *(.data .data.*)
 .data          0x20000000       0x2c ..\obj\inv_mpu.o
 .data          0x2000002c        0xc ..\obj\main.o
 .data          0x20000038       0x10 ..\obj\stm32f4xx_rcc.o
 .data          0x20000048      0x430 ..\obj\printf.o
                0x20000048                r
                0x20000470                _impure_ptr
                0x20000478                . = ALIGN (0x4)
                0x20000478                _edata = .

.igot.plt       0x20000478        0x0 load address 0x08005754
 .igot.plt      0x00000000        0x0 ..\obj\semihosting.o

.bss            0x20000478       0x4c load address 0x08005754
                0x20000478                _sbss = .
 *(.bss .bss.*)
 .bss           0x20000478       0x14 ..\obj\semihosting.o
 .bss           0x2000048c       0x14 ..\obj\dmp_clock.o
 .bss           0x200004a0        0xc ..\obj\main.o
 .bss           0x200004ac       0x10 ..\obj\inv_mpu_dmp_motion_driver.o
 .bss           0x200004bc        0x4 ..\obj\dmp_I2C.o
 *(COMMON)
 COMMON         0x200004c0        0x4 ..\obj\inv_mpu.o
                0x200004c0                callback
                0x200004c4                . = ALIGN (0x4)
                0x200004c4                _ebss = .

.co_stack       0x200004c4      0x804 load address 0x080057a0
                0x200004c8                . = ALIGN (0x8)
 *fill*         0x200004c4        0x4 
 *(.co_stack .co_stack.*)
 .co_stack      0x200004c8      0x800 ..\obj\startup_stm32f4xx.o
                0x200004c8                pulStack
                0x20000cc8                . = ALIGN (0x4)
                0x20000cc8                _end = .
LOAD ..\obj\semihosting.o
LOAD ..\obj\stm32f4xx_syscfg.o
LOAD ..\obj\dmp_clock.o
LOAD ..\obj\inv_mpu.o
LOAD ..\obj\stm32f4xx_pwr.o
LOAD ..\obj\startup_stm32f4xx.o
LOAD ..\obj\main.o
LOAD ..\obj\stm32f4xx_rcc.o
LOAD ..\obj\printf.o
LOAD ..\obj\inv_mpu_dmp_motion_driver.o
LOAD ..\obj\stm32f4xx_gpio.o
LOAD ..\obj\sh_cmd.o
LOAD ..\obj\system_stm32f4xx.o
LOAD ..\obj\syscalls.o
LOAD ..\obj\dmp_I2C.o
LOAD ..\obj\stm32f4xx_i2c.o
LOAD ..\obj\stm32f4xx_exti.o
LOAD ..\obj\misc.o
LOAD ..\obj\stm32f4xx_tim.o
LOAD ..\obj\dmp_interrupt.o
START GROUP
LOAD c:/stm32f-krssg/gcc-arm-none-eabi/bin/../lib/gcc/arm-none-eabi/4.8.3/armv7e-m\libgcc.a
LOAD c:/stm32f-krssg/gcc-arm-none-eabi/bin/../lib/gcc/arm-none-eabi/4.8.3/../../../../arm-none-eabi/lib/armv7e-m\libg.a
LOAD c:/stm32f-krssg/gcc-arm-none-eabi/bin/../lib/gcc/arm-none-eabi/4.8.3/../../../../arm-none-eabi/lib/armv7e-m\libc.a
END GROUP
OUTPUT(dmpMPU.elf elf32-littlearm)

.debug_info     0x00000000     0x8aa1
 .debug_info    0x00000000      0x12b ..\obj\semihosting.o
 .debug_info    0x0000012b      0x24b ..\obj\stm32f4xx_syscfg.o
 .debug_info    0x00000376      0x71d ..\obj\dmp_clock.o
 .debug_info    0x00000a93     0x1576 ..\obj\inv_mpu.o
 .debug_info    0x00002009       0xed ..\obj\startup_stm32f4xx.o
 .debug_info    0x000020f6      0x308 ..\obj\main.o
 .debug_info    0x000023fe      0xc21 ..\obj\stm32f4xx_rcc.o
 .debug_info    0x0000301f      0xe45 ..\obj\printf.o
 .debug_info    0x00003e64      0xa79 ..\obj\inv_mpu_dmp_motion_driver.o
 .debug_info    0x000048dd      0x5d6 ..\obj\stm32f4xx_gpio.o
 .debug_info    0x00004eb3       0x90 ..\obj\sh_cmd.o
 .debug_info    0x00004f43      0x5d9 ..\obj\dmp_I2C.o
 .debug_info    0x0000551c      0xac8 ..\obj\stm32f4xx_i2c.o
 .debug_info    0x00005fe4      0x331 ..\obj\stm32f4xx_exti.o
 .debug_info    0x00006315      0x51c ..\obj\misc.o
 .debug_info    0x00006831     0x1c35 ..\obj\stm32f4xx_tim.o
 .debug_info    0x00008466      0x63b ..\obj\dmp_interrupt.o

.debug_abbrev   0x00000000     0x181b
 .debug_abbrev  0x00000000       0xab ..\obj\semihosting.o
 .debug_abbrev  0x000000ab      0x131 ..\obj\stm32f4xx_syscfg.o
 .debug_abbrev  0x000001dc      0x172 ..\obj\dmp_clock.o
 .debug_abbrev  0x0000034e      0x1cc ..\obj\inv_mpu.o
 .debug_abbrev  0x0000051a       0xb0 ..\obj\startup_stm32f4xx.o
 .debug_abbrev  0x000005ca      0x186 ..\obj\main.o
 .debug_abbrev  0x00000750      0x1e3 ..\obj\stm32f4xx_rcc.o
 .debug_abbrev  0x00000933      0x28f ..\obj\printf.o
 .debug_abbrev  0x00000bc2      0x189 ..\obj\inv_mpu_dmp_motion_driver.o
 .debug_abbrev  0x00000d4b      0x1a3 ..\obj\stm32f4xx_gpio.o
 .debug_abbrev  0x00000eee       0x14 ..\obj\sh_cmd.o
 .debug_abbrev  0x00000f02      0x1ad ..\obj\dmp_I2C.o
 .debug_abbrev  0x000010af      0x164 ..\obj\stm32f4xx_i2c.o
 .debug_abbrev  0x00001213      0x1a5 ..\obj\stm32f4xx_exti.o
 .debug_abbrev  0x000013b8      0x145 ..\obj\misc.o
 .debug_abbrev  0x000014fd      0x187 ..\obj\stm32f4xx_tim.o
 .debug_abbrev  0x00001684      0x197 ..\obj\dmp_interrupt.o

.debug_aranges  0x00000000      0xbf0
 .debug_aranges
                0x00000000       0x30 ..\obj\semihosting.o
 .debug_aranges
                0x00000030       0x48 ..\obj\stm32f4xx_syscfg.o
 .debug_aranges
                0x00000078       0x50 ..\obj\dmp_clock.o
 .debug_aranges
                0x000000c8      0x1b0 ..\obj\inv_mpu.o
 .debug_aranges
                0x00000278       0x28 ..\obj\startup_stm32f4xx.o
 .debug_aranges
                0x000002a0       0x50 ..\obj\main.o
 .debug_aranges
                0x000002f0      0x178 ..\obj\stm32f4xx_rcc.o
 .debug_aranges
                0x00000468       0xa0 ..\obj\printf.o
 .debug_aranges
                0x00000508       0xf8 ..\obj\inv_mpu_dmp_motion_driver.o
 .debug_aranges
                0x00000600       0x88 ..\obj\stm32f4xx_gpio.o
 .debug_aranges
                0x00000688       0x20 ..\obj\sh_cmd.o
 .debug_aranges
                0x000006a8       0x60 ..\obj\dmp_I2C.o
 .debug_aranges
                0x00000708      0x120 ..\obj\stm32f4xx_i2c.o
 .debug_aranges
                0x00000828       0x58 ..\obj\stm32f4xx_exti.o
 .debug_aranges
                0x00000880       0x40 ..\obj\misc.o
 .debug_aranges
                0x000008c0      0x2f8 ..\obj\stm32f4xx_tim.o
 .debug_aranges
                0x00000bb8       0x38 ..\obj\dmp_interrupt.o

.debug_ranges   0x00000000      0xad0
 .debug_ranges  0x00000000       0x20 ..\obj\semihosting.o
 .debug_ranges  0x00000020       0x38 ..\obj\stm32f4xx_syscfg.o
 .debug_ranges  0x00000058       0x40 ..\obj\dmp_clock.o
 .debug_ranges  0x00000098      0x1a0 ..\obj\inv_mpu.o
 .debug_ranges  0x00000238       0x18 ..\obj\startup_stm32f4xx.o
 .debug_ranges  0x00000250       0x40 ..\obj\main.o
 .debug_ranges  0x00000290      0x168 ..\obj\stm32f4xx_rcc.o
 .debug_ranges  0x000003f8       0x90 ..\obj\printf.o
 .debug_ranges  0x00000488       0xe8 ..\obj\inv_mpu_dmp_motion_driver.o
 .debug_ranges  0x00000570       0x78 ..\obj\stm32f4xx_gpio.o
 .debug_ranges  0x000005e8       0x50 ..\obj\dmp_I2C.o
 .debug_ranges  0x00000638      0x110 ..\obj\stm32f4xx_i2c.o
 .debug_ranges  0x00000748       0x48 ..\obj\stm32f4xx_exti.o
 .debug_ranges  0x00000790       0x30 ..\obj\misc.o
 .debug_ranges  0x000007c0      0x2e8 ..\obj\stm32f4xx_tim.o
 .debug_ranges  0x00000aa8       0x28 ..\obj\dmp_interrupt.o

.debug_line     0x00000000     0x35d4
 .debug_line    0x00000000       0xa4 ..\obj\semihosting.o
 .debug_line    0x000000a4      0x18f ..\obj\stm32f4xx_syscfg.o
 .debug_line    0x00000233      0x205 ..\obj\dmp_clock.o
 .debug_line    0x00000438      0x8e8 ..\obj\inv_mpu.o
 .debug_line    0x00000d20       0x9a ..\obj\startup_stm32f4xx.o
 .debug_line    0x00000dba      0x1e4 ..\obj\main.o
 .debug_line    0x00000f9e      0x50b ..\obj\stm32f4xx_rcc.o
 .debug_line    0x000014a9      0x34d ..\obj\printf.o
 .debug_line    0x000017f6      0x456 ..\obj\inv_mpu_dmp_motion_driver.o
 .debug_line    0x00001c4c      0x2b0 ..\obj\stm32f4xx_gpio.o
 .debug_line    0x00001efc       0x7b ..\obj\sh_cmd.o
 .debug_line    0x00001f77      0x295 ..\obj\dmp_I2C.o
 .debug_line    0x0000220c      0x44c ..\obj\stm32f4xx_i2c.o
 .debug_line    0x00002658      0x216 ..\obj\stm32f4xx_exti.o
 .debug_line    0x0000286e      0x1b6 ..\obj\misc.o
 .debug_line    0x00002a24      0x9d6 ..\obj\stm32f4xx_tim.o
 .debug_line    0x000033fa      0x1da ..\obj\dmp_interrupt.o

.debug_str      0x00000000     0x3ad3
 .debug_str     0x00000000      0x14a ..\obj\semihosting.o
                                0x183 (size before relaxing)
 .debug_str     0x0000014a      0x1ac ..\obj\stm32f4xx_syscfg.o
                                0x2ce (size before relaxing)
 .debug_str     0x000002f6      0x7d1 ..\obj\dmp_clock.o
                                0x943 (size before relaxing)
 .debug_str     0x00000ac7      0x9c4 ..\obj\inv_mpu.o
                                0xbf1 (size before relaxing)
 .debug_str     0x0000148b       0xa9 ..\obj\startup_stm32f4xx.o
                                0x140 (size before relaxing)
 .debug_str     0x00001534       0xf7 ..\obj\main.o
                                0x2bf (size before relaxing)
 .debug_str     0x0000162b      0x635 ..\obj\stm32f4xx_rcc.o
                                0x81f (size before relaxing)
 .debug_str     0x00001c60      0x48b ..\obj\printf.o
                                0x65e (size before relaxing)
 .debug_str     0x000020eb      0x40b ..\obj\inv_mpu_dmp_motion_driver.o
                                0x61e (size before relaxing)
 .debug_str     0x000024f6      0x316 ..\obj\stm32f4xx_gpio.o
                                0x472 (size before relaxing)
 .debug_str     0x0000280c      0x140 ..\obj\dmp_I2C.o
                                0x494 (size before relaxing)
 .debug_str     0x0000294c      0x337 ..\obj\stm32f4xx_i2c.o
                                0x634 (size before relaxing)
 .debug_str     0x00002c83      0x1c6 ..\obj\stm32f4xx_exti.o
                                0x33d (size before relaxing)
 .debug_str     0x00002e49      0x1ae ..\obj\misc.o
                                0x3a8 (size before relaxing)
 .debug_str     0x00002ff7      0xa7f ..\obj\stm32f4xx_tim.o
                                0xd9f (size before relaxing)
 .debug_str     0x00003a76       0x5d ..\obj\dmp_interrupt.o
                                0x9c3 (size before relaxing)

.comment        0x00000000       0x70
 .comment       0x00000000       0x70 ..\obj\semihosting.o
                                 0x71 (size before relaxing)
 .comment       0x00000000       0x71 ..\obj\stm32f4xx_syscfg.o
 .comment       0x00000000       0x71 ..\obj\dmp_clock.o
 .comment       0x00000000       0x71 ..\obj\inv_mpu.o
 .comment       0x00000000       0x71 ..\obj\startup_stm32f4xx.o
 .comment       0x00000000       0x71 ..\obj\main.o
 .comment       0x00000000       0x71 ..\obj\stm32f4xx_rcc.o
 .comment       0x00000000       0x71 ..\obj\printf.o
 .comment       0x00000000       0x71 ..\obj\inv_mpu_dmp_motion_driver.o
 .comment       0x00000000       0x71 ..\obj\stm32f4xx_gpio.o
 .comment       0x00000000       0x71 ..\obj\dmp_I2C.o
 .comment       0x00000000       0x71 ..\obj\stm32f4xx_i2c.o
 .comment       0x00000000       0x71 ..\obj\stm32f4xx_exti.o
 .comment       0x00000000       0x71 ..\obj\misc.o
 .comment       0x00000000       0x71 ..\obj\stm32f4xx_tim.o
 .comment       0x00000000       0x71 ..\obj\dmp_interrupt.o

.ARM.attributes
                0x00000000       0x31
 .ARM.attributes
                0x00000000       0x33 ..\obj\semihosting.o
 .ARM.attributes
                0x00000033       0x33 ..\obj\stm32f4xx_syscfg.o
 .ARM.attributes
                0x00000066       0x33 ..\obj\dmp_clock.o
 .ARM.attributes
                0x00000099       0x33 ..\obj\inv_mpu.o
 .ARM.attributes
                0x000000cc       0x33 ..\obj\startup_stm32f4xx.o
 .ARM.attributes
                0x000000ff       0x33 ..\obj\main.o
 .ARM.attributes
                0x00000132       0x33 ..\obj\stm32f4xx_rcc.o
 .ARM.attributes
                0x00000165       0x33 ..\obj\printf.o
 .ARM.attributes
                0x00000198       0x33 ..\obj\inv_mpu_dmp_motion_driver.o
 .ARM.attributes
                0x000001cb       0x33 ..\obj\stm32f4xx_gpio.o
 .ARM.attributes
                0x000001fe       0x21 ..\obj\sh_cmd.o
 .ARM.attributes
                0x0000021f       0x33 ..\obj\dmp_I2C.o
 .ARM.attributes
                0x00000252       0x33 ..\obj\stm32f4xx_i2c.o
 .ARM.attributes
                0x00000285       0x33 ..\obj\stm32f4xx_exti.o
 .ARM.attributes
                0x000002b8       0x33 ..\obj\misc.o
 .ARM.attributes
                0x000002eb       0x33 ..\obj\stm32f4xx_tim.o
 .ARM.attributes
                0x0000031e       0x33 ..\obj\dmp_interrupt.o
 .ARM.attributes
                0x00000351       0x1e c:/stm32f-krssg/gcc-arm-none-eabi/bin/../lib/gcc/arm-none-eabi/4.8.3/armv7e-m\libgcc.a(_arm_addsubsf3.o)
 .ARM.attributes
                0x0000036f       0x1e c:/stm32f-krssg/gcc-arm-none-eabi/bin/../lib/gcc/arm-none-eabi/4.8.3/armv7e-m\libgcc.a(_arm_muldivsf3.o)
 .ARM.attributes
                0x0000038d       0x1e c:/stm32f-krssg/gcc-arm-none-eabi/bin/../lib/gcc/arm-none-eabi/4.8.3/armv7e-m\libgcc.a(_arm_fixunssfsi.o)
 .ARM.attributes
                0x000003ab       0x2e c:/stm32f-krssg/gcc-arm-none-eabi/bin/../lib/gcc/arm-none-eabi/4.8.3/../../../../arm-none-eabi/lib/armv7e-m\libg.a(lib_a-memcmp.o)
 .ARM.attributes
                0x000003d9       0x2e c:/stm32f-krssg/gcc-arm-none-eabi/bin/../lib/gcc/arm-none-eabi/4.8.3/../../../../arm-none-eabi/lib/armv7e-m\libg.a(lib_a-memset.o)

.debug_frame    0x00000000     0x272c
 .debug_frame   0x00000000       0x70 ..\obj\semihosting.o
 .debug_frame   0x00000070       0xbc ..\obj\stm32f4xx_syscfg.o
 .debug_frame   0x0000012c       0xd8 ..\obj\dmp_clock.o
 .debug_frame   0x00000204      0x644 ..\obj\inv_mpu.o
 .debug_frame   0x00000848       0x48 ..\obj\startup_stm32f4xx.o
 .debug_frame   0x00000890       0xd8 ..\obj\main.o
 .debug_frame   0x00000968      0x4d8 ..\obj\stm32f4xx_rcc.o
 .debug_frame   0x00000e40      0x248 ..\obj\printf.o
 .debug_frame   0x00001088      0x394 ..\obj\inv_mpu_dmp_motion_driver.o
 .debug_frame   0x0000141c      0x19c ..\obj\stm32f4xx_gpio.o
 .debug_frame   0x000015b8      0x120 ..\obj\dmp_I2C.o
 .debug_frame   0x000016d8      0x3b4 ..\obj\stm32f4xx_i2c.o
 .debug_frame   0x00001a8c       0xec ..\obj\stm32f4xx_exti.o
 .debug_frame   0x00001b78       0x9c ..\obj\misc.o
 .debug_frame   0x00001c14      0xa3c ..\obj\stm32f4xx_tim.o
 .debug_frame   0x00002650       0x84 ..\obj\dmp_interrupt.o
 .debug_frame   0x000026d4       0x2c c:/stm32f-krssg/gcc-arm-none-eabi/bin/../lib/gcc/arm-none-eabi/4.8.3/../../../../arm-none-eabi/lib/armv7e-m\libg.a(lib_a-memcmp.o)
 .debug_frame   0x00002700       0x2c c:/stm32f-krssg/gcc-arm-none-eabi/bin/../lib/gcc/arm-none-eabi/4.8.3/../../../../arm-none-eabi/lib/armv7e-m\libg.a(lib_a-memset.o)
